../source/mwa_end_device.c:197:6:main_task	16	static
../source/mwa_end_device.c:256:6:App_Idle_Task	32	static
../source/mwa_end_device.c:308:6:App_init	8	static
../source/mwa_end_device.c:371:6:AppThread	104	static
../source/mwa_end_device.c:676:13:UartRxCallBack	32	static
../source/mwa_end_device.c:712:16:App_StartScan	32	static
../source/mwa_end_device.c:775:16:App_HandleScanActiveConfirm	48	static
../source/mwa_end_device.c:841:16:App_SendAssociateRequest	24	static
../source/mwa_end_device.c:904:16:App_HandleAssociateConfirm	16	static
../source/mwa_end_device.c:940:16:App_HandleMlmeInput	16	static
../source/mwa_end_device.c:998:13:App_HandleMcpsInput	16	static
../source/mwa_end_device.c:1036:16:App_WaitMsg	16	static
../source/mwa_end_device.c:1066:13:App_TransmitUartData	24	static
../source/mwa_end_device.c:1157:13:App_TransmitCounterData	24	static
../source/mwa_end_device.c:1227:16:AppPollWaitTimeout	32	static
../source/mwa_end_device.c:1267:13:App_HandleKeys	16	static
../source/mwa_end_device.c:1311:14:MLME_NWK_SapHandler	16	static
../source/mwa_end_device.c:1319:14:MCPS_NWK_SapHandler	16	static
../source/mwa_end_device.c:1327:6:set_event_counter	8	static
